// Jest Snapshot v1, https://goo.gl/fbAQLP

exports[`renders TodoList component 1`] = `
<View
  style={
    [
      {
        "flex": 1,
        "padding": 16,
      },
      {
        "backgroundColor": "#09090B",
      },
    ]
  }
>
  <View
    style={
      {
        "marginBottom": 16,
      }
    }
  >
    <Text
      style={
        [
          {
            "fontSize": 24,
            "fontWeight": "bold",
            "marginBottom": 4,
          },
          {
            "color": "#FAFAFA",
          },
        ]
      }
    >
      Tus Misiones
    </Text>
    <Text
      style={
        [
          {
            "fontSize": 16,
          },
          {
            "color": "#71717A",
          },
        ]
      }
    >
      Gestiona tus tareas y conquista tus objetivos.
    </Text>
  </View>
  <View
    style={
      [
        {
          "borderRadius": 8,
          "borderWidth": 1,
          "elevation": 2,
          "padding": 16,
          "shadowColor": "#000",
          "shadowOffset": {
            "height": 2,
            "width": 0,
          },
          "shadowOpacity": 0.1,
          "shadowRadius": 4,
        },
        {
          "backgroundColor": "#18181B",
          "borderColor": "#27272A",
        },
        {
          "flex": 1,
        },
      ]
    }
  >
    <View
      style={
        {
          "alignItems": "center",
          "flexDirection": "row",
          "justifyContent": "space-between",
          "marginBottom": 16,
        }
      }
    >
      <View>
        <Text
          style={
            [
              {
                "fontSize": 18,
                "fontWeight": "bold",
              },
              {
                "color": "#FAFAFA",
              },
            ]
          }
        >
          Lista de Misiones
        </Text>
        <Text
          style={
            [
              {
                "fontSize": 14,
              },
              {
                "color": "#71717A",
              },
            ]
          }
        >
          0
           de 
          0
           misiones completadas (
          0
          %)
        </Text>
      </View>
      <View
        style={
          {
            "flexDirection": "row",
            "gap": 8,
          }
        }
      >
        <View
          accessibilityState={
            {
              "busy": undefined,
              "checked": undefined,
              "disabled": undefined,
              "expanded": undefined,
              "selected": undefined,
            }
          }
          accessibilityValue={
            {
              "max": undefined,
              "min": undefined,
              "now": undefined,
              "text": undefined,
            }
          }
          accessible={true}
          collapsable={false}
          focusable={true}
          onClick={[Function]}
          onResponderGrant={[Function]}
          onResponderMove={[Function]}
          onResponderRelease={[Function]}
          onResponderTerminate={[Function]}
          onResponderTerminationRequest={[Function]}
          onStartShouldSetResponder={[Function]}
          style={
            {
              "alignItems": "center",
              "borderColor": "#27272A",
              "borderRadius": 4,
              "borderWidth": 1,
              "height": 32,
              "justifyContent": "center",
              "opacity": 1,
              "width": 32,
            }
          }
        >
          <RNSVGSvgView
            align="xMidYMid"
            bbHeight={16}
            bbWidth={16}
            fill="none"
            focusable={false}
            height={16}
            meetOrSlice={0}
            minX={0}
            minY={0}
            stroke="#71717A"
            strokeLinecap="round"
            strokeLinejoin="round"
            strokeWidth="2"
            style={
              [
                {
                  "backgroundColor": "transparent",
                  "borderWidth": 0,
                },
                {
                  "flex": 0,
                  "height": 16,
                  "width": 16,
                },
              ]
            }
            vbHeight={24}
            vbWidth={24}
            width={16}
          >
            <RNSVGGroup
              fill={null}
              propList={
                [
                  "fill",
                  "stroke",
                  "strokeWidth",
                  "strokeLinecap",
                  "strokeLinejoin",
                ]
              }
              stroke={
                {
                  "payload": 4285624698,
                  "type": 0,
                }
              }
              strokeLinecap={1}
              strokeLinejoin={1}
              strokeWidth="2"
            >
              <RNSVGPath
                d="M22 3H2l8 9.46V19l4 2v-8.54L22 3z"
                fill={
                  {
                    "payload": 4278190080,
                    "type": 0,
                  }
                }
              />
            </RNSVGGroup>
          </RNSVGSvgView>
        </View>
        <View
          accessibilityState={
            {
              "busy": undefined,
              "checked": undefined,
              "disabled": undefined,
              "expanded": undefined,
              "selected": undefined,
            }
          }
          accessibilityValue={
            {
              "max": undefined,
              "min": undefined,
              "now": undefined,
              "text": undefined,
            }
          }
          accessible={true}
          collapsable={false}
          focusable={true}
          onClick={[Function]}
          onResponderGrant={[Function]}
          onResponderMove={[Function]}
          onResponderRelease={[Function]}
          onResponderTerminate={[Function]}
          onResponderTerminationRequest={[Function]}
          onStartShouldSetResponder={[Function]}
          style={
            {
              "alignItems": "center",
              "borderColor": "#27272A",
              "borderRadius": 4,
              "borderWidth": 1,
              "height": 32,
              "justifyContent": "center",
              "opacity": 1,
              "width": 32,
            }
          }
        >
          <RNSVGSvgView
            align="xMidYMid"
            bbHeight={16}
            bbWidth={16}
            fill="none"
            focusable={false}
            height={16}
            meetOrSlice={0}
            minX={0}
            minY={0}
            stroke="#71717A"
            strokeLinecap="round"
            strokeLinejoin="round"
            strokeWidth="2"
            style={
              [
                {
                  "backgroundColor": "transparent",
                  "borderWidth": 0,
                },
                {
                  "flex": 0,
                  "height": 16,
                  "width": 16,
                },
              ]
            }
            vbHeight={24}
            vbWidth={24}
            width={16}
          >
            <RNSVGGroup
              fill={null}
              propList={
                [
                  "fill",
                  "stroke",
                  "strokeWidth",
                  "strokeLinecap",
                  "strokeLinejoin",
                ]
              }
              stroke={
                {
                  "payload": 4285624698,
                  "type": 0,
                }
              }
              strokeLinecap={1}
              strokeLinejoin={1}
              strokeWidth="2"
            >
              <RNSVGPath
                d="M11 5h10"
                fill={
                  {
                    "payload": 4278190080,
                    "type": 0,
                  }
                }
              />
              <RNSVGPath
                d="M11 9h7"
                fill={
                  {
                    "payload": 4278190080,
                    "type": 0,
                  }
                }
              />
              <RNSVGPath
                d="M11 13h4"
                fill={
                  {
                    "payload": 4278190080,
                    "type": 0,
                  }
                }
              />
              <RNSVGPath
                d="M3 17l3 3 3-3"
                fill={
                  {
                    "payload": 4278190080,
                    "type": 0,
                  }
                }
              />
              <RNSVGPath
                d="M6 18V4"
                fill={
                  {
                    "payload": 4278190080,
                    "type": 0,
                  }
                }
              />
            </RNSVGGroup>
          </RNSVGSvgView>
        </View>
      </View>
    </View>
    <View
      style={
        {
          "flexDirection": "row",
          "gap": 8,
          "marginBottom": 16,
        }
      }
    >
      <View
        style={
          {
            "flex": 1,
            "flexDirection": "row",
          }
        }
      >
        <TextInput
          onChangeText={[Function]}
          onSubmitEditing={[Function]}
          placeholder="Añadir nueva misión..."
          placeholderTextColor="#71717A"
          style={
            [
              {
                "borderRadius": 4,
                "borderWidth": 1,
                "flex": 1,
                "height": 44,
                "paddingHorizontal": 12,
              },
              {
                "backgroundColor": "#18181B",
                "borderColor": "#27272A",
                "color": "#FAFAFA",
              },
            ]
          }
          value=""
        />
        <View
          accessibilityState={
            {
              "busy": undefined,
              "checked": undefined,
              "disabled": undefined,
              "expanded": undefined,
              "selected": undefined,
            }
          }
          accessibilityValue={
            {
              "max": undefined,
              "min": undefined,
              "now": undefined,
              "text": undefined,
            }
          }
          accessible={true}
          collapsable={false}
          focusable={true}
          onClick={[Function]}
          onResponderGrant={[Function]}
          onResponderMove={[Function]}
          onResponderRelease={[Function]}
          onResponderTerminate={[Function]}
          onResponderTerminationRequest={[Function]}
          onStartShouldSetResponder={[Function]}
          style={
            {
              "alignItems": "center",
              "backgroundColor": "#F59E0B20",
              "borderRadius": 4,
              "height": 44,
              "justifyContent": "center",
              "opacity": 1,
              "width": 44,
            }
          }
        >
          <View
            style={
              [
                {
                  "borderRadius": 6,
                  "height": 12,
                  "width": 12,
                },
                {
                  "backgroundColor": "#F59E0B",
                },
              ]
            }
          />
        </View>
      </View>
      <View
        accessibilityState={
          {
            "busy": undefined,
            "checked": undefined,
            "disabled": undefined,
            "expanded": undefined,
            "selected": undefined,
          }
        }
        accessibilityValue={
          {
            "max": undefined,
            "min": undefined,
            "now": undefined,
            "text": undefined,
          }
        }
        accessible={true}
        collapsable={false}
        focusable={true}
        onClick={[Function]}
        onResponderGrant={[Function]}
        onResponderMove={[Function]}
        onResponderRelease={[Function]}
        onResponderTerminate={[Function]}
        onResponderTerminationRequest={[Function]}
        onStartShouldSetResponder={[Function]}
        style={
          {
            "alignItems": "center",
            "backgroundColor": "#9333EA",
            "borderRadius": 4,
            "flexDirection": "row",
            "height": 44,
            "justifyContent": "center",
            "opacity": 1,
            "paddingHorizontal": 16,
          }
        }
      >
        <RNSVGSvgView
          align="xMidYMid"
          bbHeight={20}
          bbWidth={20}
          fill="none"
          focusable={false}
          height={20}
          meetOrSlice={0}
          minX={0}
          minY={0}
          stroke="#fff"
          strokeLinecap="round"
          strokeLinejoin="round"
          strokeWidth="2"
          style={
            [
              {
                "backgroundColor": "transparent",
                "borderWidth": 0,
              },
              {
                "flex": 0,
                "height": 20,
                "width": 20,
              },
            ]
          }
          vbHeight={24}
          vbWidth={24}
          width={20}
        >
          <RNSVGGroup
            fill={null}
            propList={
              [
                "fill",
                "stroke",
                "strokeWidth",
                "strokeLinecap",
                "strokeLinejoin",
              ]
            }
            stroke={
              {
                "payload": 4294967295,
                "type": 0,
              }
            }
            strokeLinecap={1}
            strokeLinejoin={1}
            strokeWidth="2"
          >
            <RNSVGCircle
              cx="12"
              cy="12"
              fill={
                {
                  "payload": 4278190080,
                  "type": 0,
                }
              }
              r="10"
            />
            <RNSVGLine
              fill={
                {
                  "payload": 4278190080,
                  "type": 0,
                }
              }
              x1="12"
              x2="12"
              y1="8"
              y2="16"
            />
            <RNSVGLine
              fill={
                {
                  "payload": 4278190080,
                  "type": 0,
                }
              }
              x1="8"
              x2="16"
              y1="12"
              y2="12"
            />
          </RNSVGGroup>
        </RNSVGSvgView>
        <Text
          style={
            {
              "color": "#fff",
              "fontWeight": "500",
              "marginLeft": 8,
            }
          }
        >
          Añadir
        </Text>
      </View>
    </View>
    <RCTScrollView
      style={
        [
          {
            "borderRadius": 4,
            "borderWidth": 1,
            "flex": 1,
          },
          {
            "borderColor": "#27272A",
          },
        ]
      }
    >
      <View>
        <View
          style={
            {
              "alignItems": "center",
              "justifyContent": "center",
              "padding": 24,
            }
          }
        >
          <Text
            style={
              [
                {
                  "marginBottom": 16,
                  "textAlign": "center",
                },
                {
                  "color": "#71717A",
                },
              ]
            }
          >
            ¡Añade una nueva misión para comenzar tu aventura!
          </Text>
        </View>
      </View>
    </RCTScrollView>
  </View>
</View>
`;
